[2026-05-05 13:08:57,683] INFO     [Guardian Scheduler] Running check immediately...
[2026-05-05 13:08:57,683] INFO     [Guardian Scheduler] Starting scheduled check...
[2026-05-05 13:08:57] INFO     [aws-guardian] AWS Guardian orchestration started (check_type=all)
[2026-05-05 13:08:57] INFO     [aws-guardian] AWS Guardian orchestration started (check_type=all)
[2026-05-05 13:08:57,836] INFO     [aws-guardian] AWS Guardian orchestration started (check_type=all)
[2026-05-05 13:08:57] INFO     [aws-guardian] Running checks for account: Current Account (current)
[2026-05-05 13:08:57] INFO     [aws-guardian] Running checks for account: Current Account (current)
[2026-05-05 13:08:57,836] INFO     [aws-guardian] Running checks for account: Current Account (current)
[2026-05-05 13:08:57] INFO     [aws-guardian] Checking COST...
[2026-05-05 13:08:57] INFO     [aws-guardian] Checking COST...
[2026-05-05 13:08:57,836] INFO     [aws-guardian] Checking COST...
[2026-05-05 13:08:57,836] INFO     [guardian.checkers.base] Starting Cost check
[2026-05-05 13:08:57,837] INFO     [guardian.checkers.base] Completed Cost check: INFO
[2026-05-05 13:08:57] INFO     [aws-guardian] cost: ok
[2026-05-05 13:08:57] INFO     [aws-guardian] cost: ok
[2026-05-05 13:08:57,837] INFO     [aws-guardian] cost: ok
[2026-05-05 13:08:57] INFO     [aws-guardian] Checking EC2...
[2026-05-05 13:08:57] INFO     [aws-guardian] Checking EC2...
[2026-05-05 13:08:57,837] INFO     [aws-guardian] Checking EC2...
[2026-05-05 13:08:57,837] INFO     [guardian.checkers.base] Starting EC2 check
[2026-05-05 13:08:57,886] INFO     [guardian.checkers.base] Completed EC2 check: HIGH
[2026-05-05 13:08:57] INFO     [aws-guardian] ec2: HIGH
[2026-05-05 13:08:57] INFO     [aws-guardian] ec2: HIGH
[2026-05-05 13:08:57,886] INFO     [aws-guardian] ec2: HIGH
[2026-05-05 13:08:58] INFO     [aws-guardian] Checking S3...
[2026-05-05 13:08:58] INFO     [aws-guardian] Checking S3...
[2026-05-05 13:08:58,882] INFO     [aws-guardian] Checking S3...
[2026-05-05 13:08:58,883] INFO     [guardian.checkers.base] Starting S3 check
[2026-05-05 13:08:58,974] INFO     [guardian.checkers.base] Completed S3 check: CRITICAL
[2026-05-05 13:08:58] INFO     [aws-guardian] s3: CRITICAL
[2026-05-05 13:08:58] INFO     [aws-guardian] s3: CRITICAL
[2026-05-05 13:08:58,974] INFO     [aws-guardian] s3: CRITICAL
[2026-05-05 13:08:59,872] ERROR    [guardian.storage.response_rules] Error querying rules for region *: An error occurred (ResourceNotFoundException) when calling the Query operation: Unknown table: guardian-response-rules
[2026-05-05 13:08:59,883] ERROR    [guardian.storage.response_rules] Error querying rules for region *: An error occurred (ResourceNotFoundException) when calling the Query operation: Unknown table: guardian-response-rules
[2026-05-05 13:08:59,891] ERROR    [guardian.storage.response_rules] Error querying rules for region *: An error occurred (ResourceNotFoundException) when calling the Query operation: Unknown table: guardian-response-rules
[2026-05-05 13:08:59,900] ERROR    [guardian.storage.response_rules] Error querying rules for region *: An error occurred (ResourceNotFoundException) when calling the Query operation: Unknown table: guardian-response-rules
[2026-05-05 13:08:59,909] ERROR    [guardian.storage.response_rules] Error querying rules for region *: An error occurred (ResourceNotFoundException) when calling the Query operation: Unknown table: guardian-response-rules
[2026-05-05 13:08:59,917] ERROR    [guardian.storage.response_rules] Error querying rules for region *: An error occurred (ResourceNotFoundException) when calling the Query operation: Unknown table: guardian-response-rules
[2026-05-05 13:08:59,926] ERROR    [guardian.storage.response_rules] Error querying rules for region *: An error occurred (ResourceNotFoundException) when calling the Query operation: Unknown table: guardian-response-rules
[2026-05-05 13:08:59,935] ERROR    [guardian.storage.response_rules] Error querying rules for region *: An error occurred (ResourceNotFoundException) when calling the Query operation: Unknown table: guardian-response-rules
[2026-05-05 13:08:59,944] ERROR    [guardian.storage.response_rules] Error querying rules for region *: An error occurred (ResourceNotFoundException) when calling the Query operation: Unknown table: guardian-response-rules
[2026-05-05 13:08:59,944] ERROR    [guardian.storage.dynamodb] Error saving event: Float types are not supported. Use Decimal types instead.
[2026-05-05 13:08:59] INFO     [aws-guardian] Check results saved. Health: critical
[2026-05-05 13:08:59] INFO     [aws-guardian] Check results saved. Health: critical
[2026-05-05 13:08:59,945] INFO     [aws-guardian] Check results saved. Health: critical
[2026-05-05 13:09:00] INFO     [aws-guardian] Summary sent. Total events: 2
[2026-05-05 13:09:00] INFO     [aws-guardian] Summary sent. Total events: 2
[2026-05-05 13:09:00,790] INFO     [aws-guardian] Summary sent. Total events: 2
[2026-05-05 13:09:00] INFO     [aws-guardian] AWS Guardian orchestration completed. Health: critical. Accounts: 1
[2026-05-05 13:09:00] INFO     [aws-guardian] AWS Guardian orchestration completed. Health: critical. Accounts: 1
[2026-05-05 13:09:00,832] INFO     [aws-guardian] AWS Guardian orchestration completed. Health: critical. Accounts: 1
[2026-05-05 13:09:00,832] INFO     [Guardian Scheduler] Check completed: unknown
[2026-05-05 13:09:00,832] INFO     [Guardian Scheduler] Starting AWS Guardian Scheduler (interval: 60 minutes)
Traceback (most recent call last):
  File "/Users/younghwa.jin/Documents/backend_loader/lambda/guardian/scheduler.py", line 67, in <module>
    scheduler.start(interval_minutes=60)
    ~~~~~~~~~~~~~~~^^^^^^^^^^^^^^^^^^^^^
  File "/Users/younghwa.jin/Documents/backend_loader/lambda/guardian/scheduler.py", line 43, in start
    trigger=CronTrigger(minute=f"*/{interval_minutes}"),
            ~~~~~~~~~~~^^^^^^^^^^^^^^^^^^^^^^^^^^^^^^^^
  File "/Users/younghwa.jin/Documents/backend_loader/venv/lib/python3.14/site-packages/apscheduler/triggers/cron/__init__.py", line 83, in __init__
    field = field_class(field_name, exprs, is_default)
  File "/Users/younghwa.jin/Documents/backend_loader/venv/lib/python3.14/site-packages/apscheduler/triggers/cron/fields.py", line 33, in __init__
    self.compile_expressions(exprs)
    ~~~~~~~~~~~~~~~~~~~~~~~~^^^^^^^
  File "/Users/younghwa.jin/Documents/backend_loader/venv/lib/python3.14/site-packages/apscheduler/triggers/cron/fields.py", line 58, in compile_expressions
    self.compile_expression(expr)
    ~~~~~~~~~~~~~~~~~~~~~~~^^^^^^
  File "/Users/younghwa.jin/Documents/backend_loader/venv/lib/python3.14/site-packages/apscheduler/triggers/cron/fields.py", line 70, in compile_expression
    six.raise_from(exc, None)
    ~~~~~~~~~~~~~~^^^^^^^^^^^
  File "<string>", line 3, in raise_from
ValueError: Error validating expression '*/60': the step value (60) is higher than the total range of the expression (59)
