{"timestamp": "2026-05-04T06:37:24.982688+00:00", "level": "INFO", "logger": "aws-guardian", "message": "AWS Guardian orchestration started (check_type=all)"}
{"timestamp": "2026-05-04T06:37:24.982920+00:00", "level": "INFO", "logger": "aws-guardian", "message": "Running checks for account: Current Account (current)"}
{"timestamp": "2026-05-04T06:37:24.982957+00:00", "level": "INFO", "logger": "aws-guardian", "message": "Checking COST..."}
{"timestamp": "2026-05-04T06:37:24.983018+00:00", "level": "INFO", "logger": "aws-guardian", "message": "cost: ok", "action": "check_result", "resource": "cost", "status": "ok", "detail": "Daily cost $5.50 is within threshold $10.00"}
{"timestamp": "2026-05-04T06:37:24.983045+00:00", "level": "INFO", "logger": "aws-guardian", "message": "Checking EC2..."}
{"timestamp": "2026-05-04T06:37:25.035539+00:00", "level": "INFO", "logger": "aws-guardian", "message": "ec2: HIGH", "action": "check_result", "resource": "ec2", "status": "HIGH", "detail": "Found 1 EC2 issues"}
{"timestamp": "2026-05-04T06:37:25.977653+00:00", "level": "INFO", "logger": "aws-guardian", "message": "Checking S3..."}
{"timestamp": "2026-05-04T06:37:26.025970+00:00", "level": "INFO", "logger": "aws-guardian", "message": "s3: MEDIUM", "action": "check_result", "resource": "s3", "status": "MEDIUM", "detail": "Found 1 S3 issues"}
{"timestamp": "2026-05-04T06:37:26.862838+00:00", "level": "INFO", "logger": "aws-guardian", "message": "Check results saved. Health: critical"}
{"timestamp": "2026-05-04T06:37:27.700979+00:00", "level": "INFO", "logger": "aws-guardian", "message": "Summary sent. Total events: 3"}
{"timestamp": "2026-05-04T06:37:27.733140+00:00", "level": "INFO", "logger": "aws-guardian", "message": "AWS Guardian orchestration completed. Health: critical. Accounts: 1"}
{"timestamp": "2026-05-04T06:38:10.938438+00:00", "level": "INFO", "logger": "aws-guardian", "message": "AWS Guardian orchestration started (check_type=all)"}
{"timestamp": "2026-05-04T06:38:10.938662+00:00", "level": "INFO", "logger": "aws-guardian", "message": "Running checks for account: Current Account (current)"}
{"timestamp": "2026-05-04T06:38:10.938703+00:00", "level": "INFO", "logger": "aws-guardian", "message": "Checking COST..."}
{"timestamp": "2026-05-04T06:38:10.938767+00:00", "level": "INFO", "logger": "aws-guardian", "message": "cost: ok", "action": "check_result", "resource": "cost", "status": "ok", "detail": "Daily cost $5.50 is within threshold $10.00"}
{"timestamp": "2026-05-04T06:38:10.938796+00:00", "level": "INFO", "logger": "aws-guardian", "message": "Checking EC2..."}
{"timestamp": "2026-05-04T06:38:10.969345+00:00", "level": "INFO", "logger": "aws-guardian", "message": "ec2: HIGH", "action": "check_result", "resource": "ec2", "status": "HIGH", "detail": "Found 1 EC2 issues"}
{"timestamp": "2026-05-04T06:38:11.751624+00:00", "level": "INFO", "logger": "aws-guardian", "message": "Checking S3..."}
{"timestamp": "2026-05-04T06:38:11.817674+00:00", "level": "INFO", "logger": "aws-guardian", "message": "s3: CRITICAL", "action": "check_result", "resource": "s3", "status": "CRITICAL", "detail": "Found 4 S3 issues"}
{"timestamp": "2026-05-04T06:38:12.616973+00:00", "level": "INFO", "logger": "aws-guardian", "message": "Auto-blocking public access for: test-bucket-1"}
{"timestamp": "2026-05-04T06:38:12.648090+00:00", "level": "INFO", "logger": "aws-guardian", "message": "block_s3_public: test-bucket-1 - success", "action": "remediation", "resource": "test-bucket-1", "status": "success", "detail": ""}
{"timestamp": "2026-05-04T06:38:12.648283+00:00", "level": "INFO", "logger": "aws-guardian", "message": "Auto-blocking public access for: test-bucket-2"}
{"timestamp": "2026-05-04T06:38:12.662119+00:00", "level": "INFO", "logger": "aws-guardian", "message": "block_s3_public: test-bucket-2 - success", "action": "remediation", "resource": "test-bucket-2", "status": "success", "detail": ""}
{"timestamp": "2026-05-04T06:38:12.662203+00:00", "level": "INFO", "logger": "aws-guardian", "message": "Auto-blocking public access for: public-test-bucket"}
{"timestamp": "2026-05-04T06:38:12.673946+00:00", "level": "INFO", "logger": "aws-guardian", "message": "block_s3_public: public-test-bucket - success", "action": "remediation", "resource": "public-test-bucket", "status": "success", "detail": ""}
{"timestamp": "2026-05-04T06:38:12.690288+00:00", "level": "INFO", "logger": "aws-guardian", "message": "Check results saved. Health: critical"}
{"timestamp": "2026-05-04T06:38:13.485840+00:00", "level": "INFO", "logger": "aws-guardian", "message": "Summary sent. Total events: 7"}
{"timestamp": "2026-05-04T06:38:13.502812+00:00", "level": "INFO", "logger": "aws-guardian", "message": "AWS Guardian orchestration completed. Health: critical. Accounts: 1"}
{"timestamp": "2026-05-04T06:38:41.111633+00:00", "level": "INFO", "logger": "aws-guardian", "message": "AWS Guardian orchestration started (check_type=all)"}
{"timestamp": "2026-05-04T06:38:41.111937+00:00", "level": "INFO", "logger": "aws-guardian", "message": "Running checks for account: Current Account (current)"}
{"timestamp": "2026-05-04T06:38:41.111977+00:00", "level": "INFO", "logger": "aws-guardian", "message": "Checking COST..."}
{"timestamp": "2026-05-04T06:38:41.112035+00:00", "level": "INFO", "logger": "aws-guardian", "message": "cost: ok", "action": "check_result", "resource": "cost", "status": "ok", "detail": "Daily cost $5.50 is within threshold $10.00"}
{"timestamp": "2026-05-04T06:38:41.112061+00:00", "level": "INFO", "logger": "aws-guardian", "message": "Checking EC2..."}
{"timestamp": "2026-05-04T06:38:41.149735+00:00", "level": "INFO", "logger": "aws-guardian", "message": "ec2: HIGH", "action": "check_result", "resource": "ec2", "status": "HIGH", "detail": "Found 1 EC2 issues"}
{"timestamp": "2026-05-04T06:38:41.960877+00:00", "level": "INFO", "logger": "aws-guardian", "message": "Checking S3..."}
{"timestamp": "2026-05-04T06:38:42.031047+00:00", "level": "INFO", "logger": "aws-guardian", "message": "s3: CRITICAL", "action": "check_result", "resource": "s3", "status": "CRITICAL", "detail": "Found 4 S3 issues"}
{"timestamp": "2026-05-04T06:38:42.841737+00:00", "level": "INFO", "logger": "aws-guardian", "message": "Auto-blocking public access for: test-bucket-1"}
{"timestamp": "2026-05-04T06:38:42.876096+00:00", "level": "INFO", "logger": "aws-guardian", "message": "block_s3_public: test-bucket-1 - success", "action": "remediation", "resource": "test-bucket-1", "status": "success", "detail": ""}
{"timestamp": "2026-05-04T06:38:42.876212+00:00", "level": "INFO", "logger": "aws-guardian", "message": "Auto-blocking public access for: test-bucket-2"}
{"timestamp": "2026-05-04T06:38:42.894810+00:00", "level": "INFO", "logger": "aws-guardian", "message": "block_s3_public: test-bucket-2 - success", "action": "remediation", "resource": "test-bucket-2", "status": "success", "detail": ""}
{"timestamp": "2026-05-04T06:38:42.894868+00:00", "level": "INFO", "logger": "aws-guardian", "message": "Auto-blocking public access for: public-test-bucket"}
{"timestamp": "2026-05-04T06:38:42.908554+00:00", "level": "INFO", "logger": "aws-guardian", "message": "block_s3_public: public-test-bucket - success", "action": "remediation", "resource": "public-test-bucket", "status": "success", "detail": ""}
{"timestamp": "2026-05-04T06:38:42.920547+00:00", "level": "INFO", "logger": "aws-guardian", "message": "Check results saved. Health: critical"}
{"timestamp": "2026-05-04T06:38:43.755004+00:00", "level": "INFO", "logger": "aws-guardian", "message": "Summary sent. Total events: 14"}
{"timestamp": "2026-05-04T06:38:43.765211+00:00", "level": "INFO", "logger": "aws-guardian", "message": "AWS Guardian orchestration completed. Health: critical. Accounts: 1"}
{"timestamp": "2026-05-04T06:39:17.458530+00:00", "level": "INFO", "logger": "aws-guardian", "message": "AWS Guardian orchestration started (check_type=cost)"}
{"timestamp": "2026-05-04T06:39:17.458962+00:00", "level": "INFO", "logger": "aws-guardian", "message": "Running checks for account: Current Account (current)"}
{"timestamp": "2026-05-04T06:39:17.459001+00:00", "level": "INFO", "logger": "aws-guardian", "message": "Checking COST..."}
{"timestamp": "2026-05-04T06:39:17.459065+00:00", "level": "INFO", "logger": "aws-guardian", "message": "cost: ok", "action": "check_result", "resource": "cost", "status": "ok", "detail": "Daily cost $5.50 is within threshold $10.00"}
{"timestamp": "2026-05-04T06:39:17.483259+00:00", "level": "INFO", "logger": "aws-guardian", "message": "Check results saved. Health: healthy"}
{"timestamp": "2026-05-04T06:39:18.293493+00:00", "level": "INFO", "logger": "aws-guardian", "message": "Summary sent. Total events: 17"}
{"timestamp": "2026-05-04T06:39:18.308525+00:00", "level": "INFO", "logger": "aws-guardian", "message": "AWS Guardian orchestration completed. Health: healthy. Accounts: 1"}
{"timestamp": "2026-05-04T06:39:18.309664+00:00", "level": "INFO", "logger": "aws-guardian", "message": "AWS Guardian orchestration started (check_type=security)"}
{"timestamp": "2026-05-04T06:39:18.309699+00:00", "level": "INFO", "logger": "aws-guardian", "message": "AWS Guardian orchestration started (check_type=security)"}
{"timestamp": "2026-05-04T06:39:18.309753+00:00", "level": "INFO", "logger": "aws-guardian", "message": "Running checks for account: Current Account (current)"}
{"timestamp": "2026-05-04T06:39:18.309775+00:00", "level": "INFO", "logger": "aws-guardian", "message": "Running checks for account: Current Account (current)"}
{"timestamp": "2026-05-04T06:39:18.309811+00:00", "level": "INFO", "logger": "aws-guardian", "message": "Checking EC2..."}
{"timestamp": "2026-05-04T06:39:18.309833+00:00", "level": "INFO", "logger": "aws-guardian", "message": "Checking EC2..."}
{"timestamp": "2026-05-04T06:39:18.362433+00:00", "level": "INFO", "logger": "aws-guardian", "message": "ec2: HIGH", "action": "check_result", "resource": "ec2", "status": "HIGH", "detail": "Found 1 EC2 issues"}
{"timestamp": "2026-05-04T06:39:18.362503+00:00", "level": "INFO", "logger": "aws-guardian", "message": "ec2: HIGH", "action": "check_result", "resource": "ec2", "status": "HIGH", "detail": "Found 1 EC2 issues"}
{"timestamp": "2026-05-04T06:39:19.146039+00:00", "level": "INFO", "logger": "aws-guardian", "message": "Checking S3..."}
{"timestamp": "2026-05-04T06:39:19.146113+00:00", "level": "INFO", "logger": "aws-guardian", "message": "Checking S3..."}
{"timestamp": "2026-05-04T06:39:19.211883+00:00", "level": "INFO", "logger": "aws-guardian", "message": "s3: CRITICAL", "action": "check_result", "resource": "s3", "status": "CRITICAL", "detail": "Found 4 S3 issues"}
{"timestamp": "2026-05-04T06:39:19.211960+00:00", "level": "INFO", "logger": "aws-guardian", "message": "s3: CRITICAL", "action": "check_result", "resource": "s3", "status": "CRITICAL", "detail": "Found 4 S3 issues"}
{"timestamp": "2026-05-04T06:39:19.964962+00:00", "level": "INFO", "logger": "aws-guardian", "message": "Auto-blocking public access for: test-bucket-1"}
{"timestamp": "2026-05-04T06:39:19.965012+00:00", "level": "INFO", "logger": "aws-guardian", "message": "Auto-blocking public access for: test-bucket-1"}
{"timestamp": "2026-05-04T06:39:19.989208+00:00", "level": "INFO", "logger": "aws-guardian", "message": "block_s3_public: test-bucket-1 - success", "action": "remediation", "resource": "test-bucket-1", "status": "success", "detail": ""}
{"timestamp": "2026-05-04T06:39:19.989280+00:00", "level": "INFO", "logger": "aws-guardian", "message": "block_s3_public: test-bucket-1 - success", "action": "remediation", "resource": "test-bucket-1", "status": "success", "detail": ""}
{"timestamp": "2026-05-04T06:39:19.989328+00:00", "level": "INFO", "logger": "aws-guardian", "message": "Auto-blocking public access for: test-bucket-2"}
{"timestamp": "2026-05-04T06:39:19.989353+00:00", "level": "INFO", "logger": "aws-guardian", "message": "Auto-blocking public access for: test-bucket-2"}
{"timestamp": "2026-05-04T06:39:20.002397+00:00", "level": "INFO", "logger": "aws-guardian", "message": "block_s3_public: test-bucket-2 - success", "action": "remediation", "resource": "test-bucket-2", "status": "success", "detail": ""}
{"timestamp": "2026-05-04T06:39:20.002435+00:00", "level": "INFO", "logger": "aws-guardian", "message": "block_s3_public: test-bucket-2 - success", "action": "remediation", "resource": "test-bucket-2", "status": "success", "detail": ""}
{"timestamp": "2026-05-04T06:39:20.002469+00:00", "level": "INFO", "logger": "aws-guardian", "message": "Auto-blocking public access for: public-test-bucket"}
{"timestamp": "2026-05-04T06:39:20.002484+00:00", "level": "INFO", "logger": "aws-guardian", "message": "Auto-blocking public access for: public-test-bucket"}
{"timestamp": "2026-05-04T06:39:20.013424+00:00", "level": "INFO", "logger": "aws-guardian", "message": "block_s3_public: public-test-bucket - success", "action": "remediation", "resource": "public-test-bucket", "status": "success", "detail": ""}
{"timestamp": "2026-05-04T06:39:20.013502+00:00", "level": "INFO", "logger": "aws-guardian", "message": "block_s3_public: public-test-bucket - success", "action": "remediation", "resource": "public-test-bucket", "status": "success", "detail": ""}
{"timestamp": "2026-05-04T06:39:20.023668+00:00", "level": "INFO", "logger": "aws-guardian", "message": "Check results saved. Health: critical"}
{"timestamp": "2026-05-04T06:39:20.023703+00:00", "level": "INFO", "logger": "aws-guardian", "message": "Check results saved. Health: critical"}
{"timestamp": "2026-05-04T06:39:20.835352+00:00", "level": "INFO", "logger": "aws-guardian", "message": "Summary sent. Total events: 24"}
{"timestamp": "2026-05-04T06:39:20.835463+00:00", "level": "INFO", "logger": "aws-guardian", "message": "Summary sent. Total events: 24"}
{"timestamp": "2026-05-04T06:39:20.842438+00:00", "level": "INFO", "logger": "aws-guardian", "message": "AWS Guardian orchestration completed. Health: critical. Accounts: 1"}
{"timestamp": "2026-05-04T06:39:20.842536+00:00", "level": "INFO", "logger": "aws-guardian", "message": "AWS Guardian orchestration completed. Health: critical. Accounts: 1"}
